etï¿½ets Jun  8 2016 00:22:57

rst:0x1 (POWERON_RESET),boot:0x13 (SPI_FAST_FLASH_BOOT)
configsip: 188777542, SPIWP:0xee
clk_drv:0x00,q_drv:0x00,d_drv:0x00,cs0_drv:0x00,hd_drv:0x00,wp_drv:0x00
mode:DIO, clock div:2
load:0x3fff0030,len:7172
load:0x40078000,len:15540
load:0x40080400,len:4
ho 8 tail 4 room 4
load:0x40080404,len:3904
entry 0x40080640
[0;32mI (31) boot: ESP-IDF v5.2.2 2nd stage bootloader[0m
[0;32mI (31) boot: compile time Jul  7 2024 12:54:32[0m
[0;32mI (31) boot: Multicore bootloader[0m
[0;32mI (35) boot: chip revision: v1.0[0m
[0;32mI (39) boot.esp32: SPI Speed      : 40MHz[0m
[0;32mI (44) boot.esp32: SPI Mode       : DIO[0m
[0;32mI (48) boot.esp32: SPI Flash Size : 2MB[0m
[0;32mI (53) boot: Enabling RNG early entropy source...[0m
[0;32mI (58) boot: Partition Table:[0m
[0;32mI (62) boot: ## Label            Usage          Type ST Offset   Length[0m
[0;32mI (69) boot:  0 nvs              WiFi data        01 02 00009000 00006000[0m
[0;32mI (76) boot:  1 phy_init         RF data          01 01 0000f000 00001000[0m
[0;32mI (84) boot:  2 factory          factory app      00 00 00010000 00100000[0m
[0;32mI (91) boot: End of partition table[0m
[0;32mI (96) esp_image: segment 0: paddr=00010020 vaddr=3f400020 size=0a12ch ( 41260) map[0m
[0;32mI (118) esp_image: segment 1: paddr=0001a154 vaddr=3ffb0000 size=02254h (  8788) load[0m
[0;32mI (122) esp_image: segment 2: paddr=0001c3b0 vaddr=40080000 size=03c68h ( 15464) load[0m
[0;32mI (130) esp_image: segment 3: paddr=00020020 vaddr=400d0020 size=14d9ch ( 85404) map[0m
[0;32mI (162) esp_image: segment 4: paddr=00034dc4 vaddr=40083c68 size=08cbch ( 36028) load[0m
[0;32mI (182) boot: Loaded app from partition at offset 0x10000[0m
[0;32mI (183) boot: Disabling RNG early entropy source...[0m
[0;32mI (194) cpu_start: Multicore app[0m
[0;32mI (203) cpu_start: Pro cpu start user code[0m
[0;32mI (203) cpu_start: cpu freq: 160000000 Hz[0m
[0;32mI (203) cpu_start: Application information:[0m
[0;32mI (206) cpu_start: Project name:     hello_world[0m
[0;32mI (211) cpu_start: App version:      1[0m
[0;32mI (216) cpu_start: Compile time:     Jul  7 2024 12:54:04[0m
[0;32mI (222) cpu_start: ELF file SHA256:  4005d37d4...[0m
[0;32mI (227) cpu_start: ESP-IDF:          v5.2.2[0m
[0;32mI (232) cpu_start: Min chip rev:     v0.0[0m
[0;32mI (237) cpu_start: Max chip rev:     v3.99 [0m
[0;32mI (241) cpu_start: Chip rev:         v1.0[0m
[0;32mI (246) heap_init: Initializing. RAM available for dynamic allocation:[0m
[0;32mI (254) heap_init: At 3FFAE6E0 len 00001920 (6 KiB): DRAM[0m
[0;32mI (259) heap_init: At 3FFB2B20 len 0002D4E0 (181 KiB): DRAM[0m
[0;32mI (266) heap_init: At 3FFE0440 len 00003AE0 (14 KiB): D/IRAM[0m
[0;32mI (272) heap_init: At 3FFE4350 len 0001BCB0 (111 KiB): D/IRAM[0m
[0;32mI (278) heap_init: At 4008C924 len 000136DC (77 KiB): IRAM[0m
[0;32mI (286) spi_flash: detected chip: gd[0m
[0;32mI (289) spi_flash: flash io: dio[0m
[0;33mW (293) spi_flash: Detected size(4096k) larger than the size in the binary image header(2048k). Using the size in the binary image header.[0m
[0;32mI (307) main_task: Started on CPU0[0m
[0;32mI (317) main_task: Calling app_main()[0m
[0;32mI (317) example: Configuring GPIO 2 as output and GPIO 4 as input[0m
[0;32mI (317) gpio: GPIO[2]| InputEn: 0| OutputEn: 0| OpenDrain: 0| Pullup: 1| Pulldown: 0| Intr:0 [0m
[0;32mI (327) gpio: GPIO[4]| InputEn: 0| OutputEn: 0| OpenDrain: 0| Pullup: 1| Pulldown: 0| Intr:0 [0m
[0;32mI (2277) example: Button pressed, LED state: 1[0m
[0;32mI (3647) example: Button pressed, LED state: 2[0m
[0;31mE (5317) task_wdt: Task watchdog got triggered. The following tasks/users did not reset the watchdog in time:[0m
[0;31mE (5317) task_wdt:  - IDLE0 (CPU 0)[0m
[0;31mE (5317) task_wdt: Tasks currently running:[0m
[0;31mE (5317) task_wdt: CPU 0: main[0m
[0;31mE (5317) task_wdt: CPU 1: IDLE1[0m
[0;31mE (5317) task_wdt: Print CPU 0 (current core) backtrace[0m


Backtrace: 0x400D8383:0x3FFB0E20 0x400D8748:0x3FFB0E40 0x40082F59:0x3FFB0E70 0x4000C050:0x3FFB4DA0 0x40008544:0x3FFB4DB0 0x400D5606:0x3FFB4DD0 0x400D565F:0x3FFB4DF0 0x400E4590:0x3FFB4E20 0x400861C5:0x3FFB4E50

[0;32mI (7067) example: Button pressed, LED state: 0[0m
[0;32mI (8357) example: Button pressed, LED state: 1[0m
[0;32mI (9947) example: Button pressed, LED state: 2[0m
[0;31mE (10317) task_wdt: Task watchdog got triggered. The following tasks/users did not reset the watchdog in time:[0m
[0;31mE (10317) task_wdt:  - IDLE0 (CPU 0)[0m
[0;31mE (10317) task_wdt: Tasks currently running:[0m
[0;31mE (10317) task_wdt: CPU 0: main[0m
[0;31mE (10317) task_wdt: CPU 1: IDLE1[0m
[0;31mE (10317) task_wdt: Print CPU 0 (current core) backtrace[0m


Backtrace: 0x400D8383:0x3FFB0E20 0x400D8748:0x3FFB0E40 0x40082F59:0x3FFB0E70 0x4000C050:0x3FFB4DA0 0x40008544:0x3FFB4DB0 0x400D55F5:0x3FFB4DD0 0x400D565F:0x3FFB4DF0 0x400E4590:0x3FFB4E20 0x400861C5:0x3FFB4E50

[0;32mI (12207) example: Button pressed, LED state: 0[0m
[0;32mI (13597) example: Button pressed, LED state: 1[0m
[0;31mE (15317) task_wdt: Task watchdog got triggered. The following tasks/users did not reset the watchdog in time:[0m
[0;31mE (15317) task_wdt:  - IDLE0 (CPU 0)[0m
[0;31mE (15317) task_wdt: Tasks currently running:[0m
[0;31mE (15317) task_wdt: CPU 0: main[0m
[0;31mE (15317) task_wdt: CPU 1: IDLE1[0m
[0;31mE (15317) task_wdt: Print CPU 0 (current core) backtrace[0m


Backtrace: 0x400D8383:0x3FFB0E20 0x400D8748:0x3FFB0E40 0x40082F59:0x3FFB0E70 0x400D68DC:0x3FFB4D90 0x400D55DE:0x3FFB4DD0 0x400D565F:0x3FFB4DF0 0x400E4590:0x3FFB4E20 0x400861C5:0x3FFB4E50

